// Jest Snapshot v1, https://goo.gl/fbAQLP

exports[`return a valid initial state 1`] = `"https://jsonplaceholder.typicode.com"`;
